E:/INTERN/Stm32cube IDE/Stm32 IDE MAX codes/currentsensor_stepper_clkwise/Core/Src/main.c:77:5:_write	24	static
E:/INTERN/Stm32cube IDE/Stm32 IDE MAX codes/currentsensor_stepper_clkwise/Core/Src/main.c:98:16:I2C_Device_Detected	8	static
E:/INTERN/Stm32cube IDE/Stm32 IDE MAX codes/currentsensor_stepper_clkwise/Core/Src/main.c:117:16:INA219_Init	24	static
E:/INTERN/Stm32cube IDE/Stm32 IDE MAX codes/currentsensor_stepper_clkwise/Core/Src/main.c:156:16:INA219_ReadCurrent	40	static
E:/INTERN/Stm32cube IDE/Stm32 IDE MAX codes/currentsensor_stepper_clkwise/Core/Src/main.c:236:13:Stepper_Step	8	static
E:/INTERN/Stm32cube IDE/Stm32 IDE MAX codes/currentsensor_stepper_clkwise/Core/Src/main.c:267:5:main	32	static
E:/INTERN/Stm32cube IDE/Stm32 IDE MAX codes/currentsensor_stepper_clkwise/Core/Src/main.c:492:13:MX_I2C1_Init	8	static
E:/INTERN/Stm32cube IDE/Stm32 IDE MAX codes/currentsensor_stepper_clkwise/Core/Src/main.c:532:13:MX_USART2_UART_Init	8	static
E:/INTERN/Stm32cube IDE/Stm32 IDE MAX codes/currentsensor_stepper_clkwise/Core/Src/main.c:569:13:MX_GPIO_Init	40	static
E:/INTERN/Stm32cube IDE/Stm32 IDE MAX codes/currentsensor_stepper_clkwise/Core/Src/main.c:614:6:SystemClock_Config	88	static
E:/INTERN/Stm32cube IDE/Stm32 IDE MAX codes/currentsensor_stepper_clkwise/Core/Src/main.c:717:6:Error_Handler	4	static,ignoring_inline_asm
