E:/INTERN/Stm32cube IDE/Stm32 IDE MAX codes/encoder_servo/Core/Src/main.c:69:5:_write	24	static
E:/INTERN/Stm32cube IDE/Stm32 IDE MAX codes/encoder_servo/Core/Src/main.c:88:5:main	40	static
E:/INTERN/Stm32cube IDE/Stm32 IDE MAX codes/encoder_servo/Core/Src/main.c:236:13:Encoder_Update	16	static
E:/INTERN/Stm32cube IDE/Stm32 IDE MAX codes/encoder_servo/Core/Src/main.c:337:6:SystemClock_Config	88	static
E:/INTERN/Stm32cube IDE/Stm32 IDE MAX codes/encoder_servo/Core/Src/main.c:429:13:MX_USART2_UART_Init	8	static
E:/INTERN/Stm32cube IDE/Stm32 IDE MAX codes/encoder_servo/Core/Src/main.c:470:13:MX_GPIO_Init	32	static
E:/INTERN/Stm32cube IDE/Stm32 IDE MAX codes/encoder_servo/Core/Src/main.c:507:6:Error_Handler	4	static,ignoring_inline_asm
