E:/INTERN/Stm32cube IDE/Stm32 IDE MAX codes/stepper_clk_anticlk/Core/Src/main.c:18:6:Stepper_Step	8	static
E:/INTERN/Stm32cube IDE/Stm32 IDE MAX codes/stepper_clk_anticlk/Core/Src/main.c:34:6:Stepper_Rotate	24	static
E:/INTERN/Stm32cube IDE/Stm32 IDE MAX codes/stepper_clk_anticlk/Core/Src/main.c:62:5:main	8	static
E:/INTERN/Stm32cube IDE/Stm32 IDE MAX codes/stepper_clk_anticlk/Core/Src/main.c:120:6:SystemClock_Config	88	static
E:/INTERN/Stm32cube IDE/Stm32 IDE MAX codes/stepper_clk_anticlk/Core/Src/main.c:202:13:MX_GPIO_Init	32	static
E:/INTERN/Stm32cube IDE/Stm32 IDE MAX codes/stepper_clk_anticlk/Core/Src/main.c:246:6:Error_Handler	4	static,ignoring_inline_asm
