E:/INTERN/Stm32cube IDE/Stm32 IDE MAX codes/joystick_limit_motor_encoder/Core/Src/main.c:75:5:_write	24	static
E:/INTERN/Stm32cube IDE/Stm32 IDE MAX codes/joystick_limit_motor_encoder/Core/Src/main.c:95:5:main	40	static
E:/INTERN/Stm32cube IDE/Stm32 IDE MAX codes/joystick_limit_motor_encoder/Core/Src/main.c:450:17:Joystick_Read	16	static
E:/INTERN/Stm32cube IDE/Stm32 IDE MAX codes/joystick_limit_motor_encoder/Core/Src/main.c:475:13:Joystick_Calibrate	24	static
E:/INTERN/Stm32cube IDE/Stm32 IDE MAX codes/joystick_limit_motor_encoder/Core/Src/main.c:511:13:Stepper_Step	16	static
E:/INTERN/Stm32cube IDE/Stm32 IDE MAX codes/joystick_limit_motor_encoder/Core/Src/main.c:550:13:Encoder_Update	16	static
E:/INTERN/Stm32cube IDE/Stm32 IDE MAX codes/joystick_limit_motor_encoder/Core/Src/main.c:647:13:Encoder_PrintPosition	104	static
E:/INTERN/Stm32cube IDE/Stm32 IDE MAX codes/joystick_limit_motor_encoder/Core/Src/main.c:751:13:MX_GPIO_Init	40	static
E:/INTERN/Stm32cube IDE/Stm32 IDE MAX codes/joystick_limit_motor_encoder/Core/Src/main.c:839:13:MX_ADC1_Init	24	static
E:/INTERN/Stm32cube IDE/Stm32 IDE MAX codes/joystick_limit_motor_encoder/Core/Src/main.c:926:13:MX_USART2_UART_Init	8	static
E:/INTERN/Stm32cube IDE/Stm32 IDE MAX codes/joystick_limit_motor_encoder/Core/Src/main.c:971:6:SystemClock_Config	88	static
E:/INTERN/Stm32cube IDE/Stm32 IDE MAX codes/joystick_limit_motor_encoder/Core/Src/main.c:1091:6:Error_Handler	4	static,ignoring_inline_asm
