E:/INTERN/Stm32cube IDE/Stm32 IDE MAX codes/encoder/Core/Src/main.c:26:5:_write	24	static
E:/INTERN/Stm32cube IDE/Stm32 IDE MAX codes/encoder/Core/Src/main.c:48:13:Encoder_Update	16	static
E:/INTERN/Stm32cube IDE/Stm32 IDE MAX codes/encoder/Core/Src/main.c:105:5:main	16	static
E:/INTERN/Stm32cube IDE/Stm32 IDE MAX codes/encoder/Core/Src/main.c:186:13:MX_USART2_UART_Init	8	static
E:/INTERN/Stm32cube IDE/Stm32 IDE MAX codes/encoder/Core/Src/main.c:221:13:MX_GPIO_Init	48	static
E:/INTERN/Stm32cube IDE/Stm32 IDE MAX codes/encoder/Core/Src/main.c:269:6:SystemClock_Config	88	static
E:/INTERN/Stm32cube IDE/Stm32 IDE MAX codes/encoder/Core/Src/main.c:356:6:Error_Handler	4	static,ignoring_inline_asm
