E:/INTERN/Stm32cube IDE/Stm32 IDE MAX codes/ttl_rs485_servo/Core/Src/main.c:68:5:main	8	static
E:/INTERN/Stm32cube IDE/Stm32 IDE MAX codes/ttl_rs485_servo/Core/Src/main.c:120:6:SystemClock_Config	88	static
E:/INTERN/Stm32cube IDE/Stm32 IDE MAX codes/ttl_rs485_servo/Core/Src/main.c:168:13:MX_USART1_UART_Init	8	static
E:/INTERN/Stm32cube IDE/Stm32 IDE MAX codes/ttl_rs485_servo/Core/Src/main.c:201:13:MX_GPIO_Init	48	static
E:/INTERN/Stm32cube IDE/Stm32 IDE MAX codes/ttl_rs485_servo/Core/Src/main.c:235:6:Error_Handler	4	static,ignoring_inline_asm
