E:/INTERN/Stm32cube IDE/Stm32 IDE MAX codes/joystick_values/Core/Src/main.c:137:5:_write	24	static
E:/INTERN/Stm32cube IDE/Stm32 IDE MAX codes/joystick_values/Core/Src/main.c:154:5:main	24	static
E:/INTERN/Stm32cube IDE/Stm32 IDE MAX codes/joystick_values/Core/Src/main.c:460:17:Joystick_Read	16	static
E:/INTERN/Stm32cube IDE/Stm32 IDE MAX codes/joystick_values/Core/Src/main.c:489:17:Joystick_Read_Average	24	static
E:/INTERN/Stm32cube IDE/Stm32 IDE MAX codes/joystick_values/Core/Src/main.c:522:17:Joystick_CalibrateCenter	8	static
E:/INTERN/Stm32cube IDE/Stm32 IDE MAX codes/joystick_values/Core/Src/main.c:539:13:RS485_TX_Mode	8	static
E:/INTERN/Stm32cube IDE/Stm32 IDE MAX codes/joystick_values/Core/Src/main.c:553:13:RS485_RX_Mode	8	static
E:/INTERN/Stm32cube IDE/Stm32 IDE MAX codes/joystick_values/Core/Src/main.c:567:16:Servo_Checksum	24	static
E:/INTERN/Stm32cube IDE/Stm32 IDE MAX codes/joystick_values/Core/Src/main.c:591:26:Servo_Write	48	static
E:/INTERN/Stm32cube IDE/Stm32 IDE MAX codes/joystick_values/Core/Src/main.c:689:13:Servo_Torque	24	static
E:/INTERN/Stm32cube IDE/Stm32 IDE MAX codes/joystick_values/Core/Src/main.c:708:13:Servo_SetWheelMode	16	static
E:/INTERN/Stm32cube IDE/Stm32 IDE MAX codes/joystick_values/Core/Src/main.c:726:13:Servo_SetAcceleration	16	static
E:/INTERN/Stm32cube IDE/Stm32 IDE MAX codes/joystick_values/Core/Src/main.c:747:13:Servo_SetSpeed	24	static
E:/INTERN/Stm32cube IDE/Stm32 IDE MAX codes/joystick_values/Core/Src/main.c:812:13:MX_GPIO_Init	40	static
E:/INTERN/Stm32cube IDE/Stm32 IDE MAX codes/joystick_values/Core/Src/main.c:913:13:MX_USART1_UART_Init	8	static
E:/INTERN/Stm32cube IDE/Stm32 IDE MAX codes/joystick_values/Core/Src/main.c:960:13:MX_USART2_UART_Init	8	static
E:/INTERN/Stm32cube IDE/Stm32 IDE MAX codes/joystick_values/Core/Src/main.c:1002:13:MX_ADC1_Init	24	static
E:/INTERN/Stm32cube IDE/Stm32 IDE MAX codes/joystick_values/Core/Src/main.c:1086:6:SystemClock_Config	88	static
E:/INTERN/Stm32cube IDE/Stm32 IDE MAX codes/joystick_values/Core/Src/main.c:1178:6:Error_Handler	4	static,ignoring_inline_asm
