E:/INTERN/Stm32cube IDE/Stm32 IDE MAX codes/isensortest_ledblink/Core/Src/main.c:32:5:_write	24	static
E:/INTERN/Stm32cube IDE/Stm32 IDE MAX codes/isensortest_ledblink/Core/Src/main.c:53:5:main	72	static
E:/INTERN/Stm32cube IDE/Stm32 IDE MAX codes/isensortest_ledblink/Core/Src/main.c:330:13:MX_I2C1_Init	8	static
E:/INTERN/Stm32cube IDE/Stm32 IDE MAX codes/isensortest_ledblink/Core/Src/main.c:370:13:MX_USART2_UART_Init	8	static
E:/INTERN/Stm32cube IDE/Stm32 IDE MAX codes/isensortest_ledblink/Core/Src/main.c:407:13:MX_GPIO_Init	40	static
E:/INTERN/Stm32cube IDE/Stm32 IDE MAX codes/isensortest_ledblink/Core/Src/main.c:452:6:SystemClock_Config	88	static
E:/INTERN/Stm32cube IDE/Stm32 IDE MAX codes/isensortest_ledblink/Core/Src/main.c:555:6:Error_Handler	4	static,ignoring_inline_asm
