E:/INTERN/Stm32cube IDE/Stm32 IDE MAX codes/servo_rotatemotor/Core/Src/main.c:48:16:RSBL_Checksum	24	static
E:/INTERN/Stm32cube IDE/Stm32 IDE MAX codes/servo_rotatemotor/Core/Src/main.c:64:13:RSBL_SendPacket	16	static
E:/INTERN/Stm32cube IDE/Stm32 IDE MAX codes/servo_rotatemotor/Core/Src/main.c:86:13:RSBL_WriteByte	24	static
E:/INTERN/Stm32cube IDE/Stm32 IDE MAX codes/servo_rotatemotor/Core/Src/main.c:116:13:RSBL_WriteWord	32	static
E:/INTERN/Stm32cube IDE/Stm32 IDE MAX codes/servo_rotatemotor/Core/Src/main.c:146:5:main	8	static
E:/INTERN/Stm32cube IDE/Stm32 IDE MAX codes/servo_rotatemotor/Core/Src/main.c:216:13:MX_GPIO_Init	32	static
E:/INTERN/Stm32cube IDE/Stm32 IDE MAX codes/servo_rotatemotor/Core/Src/main.c:247:13:MX_USART1_UART_Init	8	static
E:/INTERN/Stm32cube IDE/Stm32 IDE MAX codes/servo_rotatemotor/Core/Src/main.c:288:6:SystemClock_Config	88	static
E:/INTERN/Stm32cube IDE/Stm32 IDE MAX codes/servo_rotatemotor/Core/Src/main.c:359:6:Error_Handler	4	static,ignoring_inline_asm
