E:/INTERN/Stm32cube IDE/Stm32 IDE MAX codes/encoder_mm/Core/Src/main.c:36:5:_write	24	static
E:/INTERN/Stm32cube IDE/Stm32 IDE MAX codes/encoder_mm/Core/Src/main.c:53:13:Encoder_Update	16	static
E:/INTERN/Stm32cube IDE/Stm32 IDE MAX codes/encoder_mm/Core/Src/main.c:107:5:main	48	static
E:/INTERN/Stm32cube IDE/Stm32 IDE MAX codes/encoder_mm/Core/Src/main.c:184:6:SystemClock_Config	88	static
E:/INTERN/Stm32cube IDE/Stm32 IDE MAX codes/encoder_mm/Core/Src/main.c:231:13:MX_USART2_UART_Init	8	static
E:/INTERN/Stm32cube IDE/Stm32 IDE MAX codes/encoder_mm/Core/Src/main.c:252:13:MX_GPIO_Init	48	static
E:/INTERN/Stm32cube IDE/Stm32 IDE MAX codes/encoder_mm/Core/Src/main.c:280:6:Error_Handler	4	static,ignoring_inline_asm
