E:/INTERN/Stm32cube IDE/Stm32 IDE MAX codes/test_encoder.c_ledblink/Core/Src/main.c:14:5:_write	24	static
E:/INTERN/Stm32cube IDE/Stm32 IDE MAX codes/test_encoder.c_ledblink/Core/Src/main.c:30:5:main	40	static
E:/INTERN/Stm32cube IDE/Stm32 IDE MAX codes/test_encoder.c_ledblink/Core/Src/main.c:126:6:SystemClock_Config	88	static
E:/INTERN/Stm32cube IDE/Stm32 IDE MAX codes/test_encoder.c_ledblink/Core/Src/main.c:208:13:MX_USART2_UART_Init	8	static
E:/INTERN/Stm32cube IDE/Stm32 IDE MAX codes/test_encoder.c_ledblink/Core/Src/main.c:243:13:MX_GPIO_Init	40	static
E:/INTERN/Stm32cube IDE/Stm32 IDE MAX codes/test_encoder.c_ledblink/Core/Src/main.c:318:6:Error_Handler	4	static,ignoring_inline_asm
