E:/INTERN/Stm32cube IDE/Stm32 IDE MAX codes/servo_ttl_rs485/Core/Src/main.c:58:5:main	8	static
E:/INTERN/Stm32cube IDE/Stm32 IDE MAX codes/servo_ttl_rs485/Core/Src/main.c:109:6:SystemClock_Config	88	static
E:/INTERN/Stm32cube IDE/Stm32 IDE MAX codes/servo_ttl_rs485/Core/Src/main.c:158:13:MX_USART1_UART_Init	8	static
E:/INTERN/Stm32cube IDE/Stm32 IDE MAX codes/servo_ttl_rs485/Core/Src/main.c:191:13:MX_GPIO_Init	40	static
E:/INTERN/Stm32cube IDE/Stm32 IDE MAX codes/servo_ttl_rs485/Core/Src/main.c:215:6:RSBL_Servo_Write_Position	40	static
E:/INTERN/Stm32cube IDE/Stm32 IDE MAX codes/servo_ttl_rs485/Core/Src/main.c:249:6:Error_Handler	4	static,ignoring_inline_asm
