E:/INTERN/Stm32cube IDE/Stm32 IDE MAX codes/motor_joystick/Drivers/BSP/STM32F4xx-Nucleo/stm32f4xx_nucleo.c:160:10:BSP_GetVersion	4	static
E:/INTERN/Stm32cube IDE/Stm32 IDE MAX codes/motor_joystick/Drivers/BSP/STM32F4xx-Nucleo/stm32f4xx_nucleo.c:171:6:BSP_LED_Init	40	static
E:/INTERN/Stm32cube IDE/Stm32 IDE MAX codes/motor_joystick/Drivers/BSP/STM32F4xx-Nucleo/stm32f4xx_nucleo.c:196:6:BSP_LED_DeInit	40	static
E:/INTERN/Stm32cube IDE/Stm32 IDE MAX codes/motor_joystick/Drivers/BSP/STM32F4xx-Nucleo/stm32f4xx_nucleo.c:213:6:BSP_LED_On	16	static
E:/INTERN/Stm32cube IDE/Stm32 IDE MAX codes/motor_joystick/Drivers/BSP/STM32F4xx-Nucleo/stm32f4xx_nucleo.c:224:6:BSP_LED_Off	16	static
E:/INTERN/Stm32cube IDE/Stm32 IDE MAX codes/motor_joystick/Drivers/BSP/STM32F4xx-Nucleo/stm32f4xx_nucleo.c:235:6:BSP_LED_Toggle	16	static
E:/INTERN/Stm32cube IDE/Stm32 IDE MAX codes/motor_joystick/Drivers/BSP/STM32F4xx-Nucleo/stm32f4xx_nucleo.c:250:6:BSP_PB_Init	40	static
E:/INTERN/Stm32cube IDE/Stm32 IDE MAX codes/motor_joystick/Drivers/BSP/STM32F4xx-Nucleo/stm32f4xx_nucleo.c:287:6:BSP_PB_DeInit	40	static
E:/INTERN/Stm32cube IDE/Stm32 IDE MAX codes/motor_joystick/Drivers/BSP/STM32F4xx-Nucleo/stm32f4xx_nucleo.c:302:10:BSP_PB_GetState	16	static
E:/INTERN/Stm32cube IDE/Stm32 IDE MAX codes/motor_joystick/Drivers/BSP/STM32F4xx-Nucleo/stm32f4xx_nucleo.c:656:13:ADCx_MspInit	48	static
E:/INTERN/Stm32cube IDE/Stm32 IDE MAX codes/motor_joystick/Drivers/BSP/STM32F4xx-Nucleo/stm32f4xx_nucleo.c:679:13:ADCx_MspDeInit	40	static
E:/INTERN/Stm32cube IDE/Stm32 IDE MAX codes/motor_joystick/Drivers/BSP/STM32F4xx-Nucleo/stm32f4xx_nucleo.c:698:13:ADCx_Init	8	static
E:/INTERN/Stm32cube IDE/Stm32 IDE MAX codes/motor_joystick/Drivers/BSP/STM32F4xx-Nucleo/stm32f4xx_nucleo.c:722:13:ADCx_DeInit	8	static
E:/INTERN/Stm32cube IDE/Stm32 IDE MAX codes/motor_joystick/Drivers/BSP/STM32F4xx-Nucleo/stm32f4xx_nucleo.c:737:9:BSP_JOY_Init	16	static
E:/INTERN/Stm32cube IDE/Stm32 IDE MAX codes/motor_joystick/Drivers/BSP/STM32F4xx-Nucleo/stm32f4xx_nucleo.c:757:6:BSP_JOY_DeInit	8	static
E:/INTERN/Stm32cube IDE/Stm32 IDE MAX codes/motor_joystick/Drivers/BSP/STM32F4xx-Nucleo/stm32f4xx_nucleo.c:774:18:BSP_JOY_GetState	16	static
